Vercel CLI 50.0.1
Retrieving projectÔÇª
Deploying gduffy1993-pngs-projects/casebrain-hub
Uploading [--------------------] (0.0B/145.2KB)
Uploading [=====---------------] (39.9KB/145.2KB)
Uploading [==========----------] (79.5KB/145.2KB)
Uploading [===============-----] (111.5KB/145.2KB)
Uploading [====================] (145.2KB/145.2KB)
Inspect: https://vercel.com/gduffy1993-pngs-projects/casebrain-hub/3AYUgSmkkw7nVgK1i8Gj2hzSJgtM [6s]
Preview: https://casebrain-q3lhtyih7-gduffy1993-pngs-projects.vercel.app [6s]
Building...
Building...
Building: Running build in Washington, D.C., USA (East) ÔÇô iad1
Building: Build machine configuration: 2 cores, 8 GB
Building: Retrieving list of deployment files...
Building: Downloading 2449 deployment files...
Building: Restored build cache from previous deployment (DGDyEzsaQF7kbTZb552U77u56SB4)
Building: Running "vercel build"
Building: Vercel CLI 59.3.0
Building: Installing dependencies...
Building: up to date in 4s
Building: 203 packages are looking for funding
Building: run `npm fund` for details
Building: npm warn allow-scripts 7 packages have install scripts not yet covered by allowScripts:
Building: npm warn allow-scripts   @clerk/shared@2.9.2 (postinstall: node ./scripts/postinstall.mjs)
Building: npm warn allow-scripts   @clerk/shared@3.41.1 (postinstall: node ./scripts/postinstall.mjs)
Building: npm warn allow-scripts   electron@33.4.11 (postinstall: node install.js)
Building: npm warn allow-scripts   esbuild@0.21.5 (postinstall: node install.js)
Building: npm warn allow-scripts   puppeteer@24.34.0 (postinstall: node install.mjs)
Building: npm warn allow-scripts   esbuild@0.23.1 (postinstall: node install.js)
Building: npm warn allow-scripts   unrs-resolver@1.11.1 (postinstall: napi-postinstall unrs-resolver 1.11.1 check)
Building: npm warn allow-scripts
Building: npm warn allow-scripts Run `npm approve-scripts --allow-scripts-pending` to review, or `npm approve-scripts <pkg>` to allow.
Building: Detected Next.js version: 14.2.15
Building: Running "npm run build"
Building: > casebrain-hub@0.1.0 build
Building: > next build
Building: Ôû▓ Next.js 14.2.15
Building: Creating an optimized production build ...
Building: Using tsconfig file: ./tsconfig.build.json
Building: ÔÜá Compiled with warnings
Building: ./lib/pdf/criminal-strategy-pdf.ts
Building: module.createRequire failed parsing argument.
Building: Import trace for requested module:
Building: ./lib/pdf/criminal-strategy-pdf.ts
Building: ./app/api/criminal/[caseId]/strategy-export/route.ts
Building: ./lib/pdf/criminal-strategy-pdf.ts
Building: module.createRequire failed parsing argument.
Building: Import trace for requested module:
Building: ./lib/pdf/criminal-strategy-pdf.ts
Building: ./app/api/criminal/[caseId]/strategy-export/route.ts
Building: Using tsconfig file: ./tsconfig.build.json
Building: Using tsconfig file: ./tsconfig.build.json
Building: Browserslist: browsers data (caniuse-lite) is 8 months old. Please run:
Building: npx update-browserslist-db@latest
Building: Why you should do it regularly: https://github.com/browserslist/update-db#readme
Building: Ô£ô Compiled successfully
Building: Skipping linting
Building: Checking validity of types ...
Building: Your tsconfig.json extends another configuration, which means we cannot add the Next.js TypeScript plugin automatically. To improve your development experience, we recommend adding the Next.js plugin (`"plugins": [{ "name": "next" }]`) manually to your TypeScript configuration. Learn more: https://nextjs.org/docs/app/building-your-application/configuring/typescript#the-typescript-plugin
Building: Collecting page data ...
Building: Generating static pages (0/109) ...
Building: Generating static pages (27/109)
Building: Generating static pages (54/109)
Building: Generating static pages (81/109)
Building: Ô£ô Generating static pages (109/109)
Building: Finalizing page optimization ...
Building: Collecting build traces ...
Building: Route (app)                                              Size     First Load JS
Building: Ôöî Ôùï /                                                    8.37 kB         249 kB
Building: Ôö£ Ôùï /_not-found                                          168 B          87.8 kB
Building: Ôö£ Ôùï /admin/org-plan                                      3.25 kB         144 kB
Building: Ôö£ ãÆ /analytics                                           169 B          87.8 kB
Building: Ôö£ ãÆ /api/admin/inject-content                            0 B                0 B
Building: Ôö£ ãÆ /api/admin/organisations                             0 B                0 B
Building: Ôö£ ãÆ /api/admin/reset-usage                               0 B                0 B
Building: Ôö£ ãÆ /api/auth/forgot-password                            0 B                0 B
Building: Ôö£ ãÆ /api/auth/update-password                            0 B                0 B
Building: Ôö£ ãÆ /api/awaab/[caseId]                                  0 B                0 B
Building: Ôö£ ãÆ /api/awaab/check/[caseId]                            0 B                0 B
Building: Ôö£ ãÆ /api/billing/invoices                                0 B                0 B
Building: Ôö£ ãÆ /api/billing/invoices/[invoiceId]                    0 B                0 B
Building: Ôö£ ãÆ /api/briefing                                        0 B                0 B
Building: Ôö£ ãÆ /api/builder/jobs                                    0 B                0 B
Building: Ôö£ ãÆ /api/bundle                                          0 B                0 B
Building: Ôö£ ãÆ /api/bundle/[caseId]                                 0 B                0 B
Building: Ôö£ ãÆ /api/bundle/scan/[caseId]                            0 B                0 B
Building: Ôö£ ãÆ /api/calendar/cases/[caseId]                         0 B                0 B
Building: Ôö£ ãÆ /api/case-profitability/[caseId]                     0 B                0 B
Building: Ôö£ ãÆ /api/case-similarity/[caseId]                        0 B                0 B
Building: Ôö£ ãÆ /api/cases                                           0 B                0 B
Building: Ôö£ ãÆ /api/cases/[caseId]                                  0 B                0 B
Building: Ôö£ ãÆ /api/cases/[caseId]/analysis/partner-brief           0 B                0 B
Building: Ôö£ ãÆ /api/cases/[caseId]/analysis/rebuild                 0 B                0 B
Building: Ôö£ ãÆ /api/cases/[caseId]/analysis/rerun                   0 B                0 B
Building: Ôö£ ãÆ /api/cases/[caseId]/analysis/version/latest          0 B                0 B
Building: Ôö£ ãÆ /api/cases/[caseId]/archive                          0 B                0 B
Building: Ôö£ ãÆ /api/cases/[caseId]/audio                            0 B                0 B
Building: Ôö£ ãÆ /api/cases/[caseId]/bundle                           0 B                0 B
Building: Ôö£ ãÆ /api/cases/[caseId]/bundle/contradictions            0 B                0 B
Building: Ôö£ ãÆ /api/cases/[caseId]/bundle/issues                    0 B                0 B
Building: Ôö£ ãÆ /api/cases/[caseId]/bundle/overview                  0 B                0 B
Building: Ôö£ ãÆ /api/cases/[caseId]/bundle/process                   0 B                0 B
Building: Ôö£ ãÆ /api/cases/[caseId]/bundle/search                    0 B                0 B
Building: Ôö£ ãÆ /api/cases/[caseId]/bundle/timeline                  0 B                0 B
Building: Ôö£ ãÆ /api/cases/[caseId]/bundle/toc                       0 B                0 B
Building: Ôö£ ãÆ /api/cases/[caseId]/case-destroyer                   0 B                0 B
Building: Ôö£ ãÆ /api/cases/[caseId]/case-pack                        0 B                0 B
Building: Ôö£ ãÆ /api/cases/[caseId]/chain-reaction                   0 B                0 B
Building: Ôö£ ãÆ /api/cases/[caseId]/client-communication             0 B                0 B
Building: Ôö£ ãÆ /api/cases/[caseId]/client-update                    0 B                0 B
Building: Ôö£ ãÆ /api/cases/[caseId]/complaint-risk                   0 B                0 B
Building: Ôö£ ãÆ /api/cases/[caseId]/correspondence                   0 B                0 B
Building: Ôö£ ãÆ /api/cases/[caseId]/court-readiness                  0 B                0 B
Building: Ôö£ ãÆ /api/cases/[caseId]/deadlines                        0 B                0 B
Building: Ôö£ ãÆ /api/cases/[caseId]/documents                        0 B                0 B
Building: Ôö£ ãÆ /api/cases/[caseId]/documents/[documentId]/redflags  0 B                0 B
Building: Ôö£ ãÆ /api/cases/[caseId]/evidence-strength                0 B                0 B
Building: Ôö£ ãÆ /api/cases/[caseId]/hearing-prep                     0 B                0 B
Building: Ôö£ ãÆ /api/cases/[caseId]/housing/damp-mould               0 B                0 B
Building: Ôö£ ãÆ /api/cases/[caseId]/housing/health-symptoms          0 B                0 B
Building: Ôö£ ãÆ /api/cases/[caseId]/housing/urgency                  0 B                0 B
Building: Ôö£ ãÆ /api/cases/[caseId]/insights                         0 B                0 B
Building: Ôö£ ãÆ /api/cases/[caseId]/instructions                     0 B                0 B
Building: Ôö£ ãÆ /api/cases/[caseId]/key-facts                        0 B                0 B
Building: Ôö£ ãÆ /api/cases/[caseId]/multi-angle-devastation          0 B                0 B
Building: Ôö£ ãÆ /api/cases/[caseId]/next-move                        0 B                0 B
Building: Ôö£ ãÆ /api/cases/[caseId]/notes                            0 B                0 B
Building: Ôö£ ãÆ /api/cases/[caseId]/nuclear-options                  0 B                0 B
Building: Ôö£ ãÆ /api/cases/[caseId]/opponent                         0 B                0 B
Building: Ôö£ ãÆ /api/cases/[caseId]/outcome-insights                 0 B                0 B
Building: Ôö£ ãÆ /api/cases/[caseId]/overview-pdf                     0 B                0 B
Building: Ôö£ ãÆ /api/cases/[caseId]/permanent-delete                 0 B                0 B
Building: Ôö£ ãÆ /api/cases/[caseId]/practice-area                    0 B                0 B
Building: Ôö£ ãÆ /api/cases/[caseId]/precedents                       0 B                0 B
Building: Ôö£ ãÆ /api/cases/[caseId]/prosecution-traps                0 B                0 B
Building: Ôö£ ãÆ /api/cases/[caseId]/protocol-checklist               0 B                0 B
Building: Ôö£ ãÆ /api/cases/[caseId]/re-extract                       0 B                0 B
Building: Ôö£ ãÆ /api/cases/[caseId]/restore                          0 B                0 B
Building: Ôö£ ãÆ /api/cases/[caseId]/search                           0 B                0 B
Building: Ôö£ ãÆ /api/cases/[caseId]/similar                          0 B                0 B
Building: Ôö£ ãÆ /api/cases/[caseId]/summary                          0 B                0 B
Building: Ôö£ ãÆ /api/cases/[caseId]/supervisor-review                0 B                0 B
Building: Ôö£ ãÆ /api/cases/[caseId]/tactical-command                 0 B                0 B
Building: Ôö£ ãÆ /api/cases/[caseId]/technicalities                   0 B                0 B
Building: Ôö£ ãÆ /api/cases/[caseId]/timeline-exploiter               0 B                0 B
Building: Ôö£ ãÆ /api/cases/[caseId]/witness-analysis                 0 B                0 B
Building: Ôö£ ãÆ /api/cases/archive-many                              0 B                0 B
Building: Ôö£ ãÆ /api/cases/bin/permanent-delete-all                  0 B                0 B
Building: Ôö£ ãÆ /api/cases/eval-pack-backfill                        0 B                0 B
Building: Ôö£ ãÆ /api/checklists/limitation/[caseId]                  0 B                0 B
Building: Ôö£ ãÆ /api/client-expectations/[caseId]/timeline           0 B                0 B
Building: Ôö£ ãÆ /api/client-expectations/[caseId]/update             0 B                0 B
Building: Ôö£ ãÆ /api/communication/cases/[caseId]                    0 B                0 B
Building: Ôö£ ãÆ /api/conflicts/check                                 0 B                0 B
Building: Ôö£ ãÆ /api/criminal/[caseId]/aggressive-defense            0 B                0 B
Building: Ôö£ ãÆ /api/criminal/[caseId]/agreed-summary                0 B                0 B
Building: Ôö£ ãÆ /api/criminal/[caseId]/audit-events                  0 B                0 B
Building: Ôö£ ãÆ /api/criminal/[caseId]/bail                          0 B                0 B
Building: Ôö£ ãÆ /api/criminal/[caseId]/bail-application              0 B                0 B
Building: Ôö£ ãÆ /api/criminal/[caseId]/bundle-source                 0 B                0 B
Building: Ôö£ ãÆ /api/criminal/[caseId]/case-state                    0 B                0 B
Building: Ôö£ ãÆ /api/criminal/[caseId]/charges                       0 B                0 B
Building: Ôö£ ãÆ /api/criminal/[caseId]/client-advice                 0 B                0 B
Building: Ôö£ ãÆ /api/criminal/[caseId]/client-instructions           0 B                0 B
Building: Ôö£ ãÆ /api/criminal/[caseId]/court-scripts                 0 B                0 B
Building: Ôö£ ãÆ /api/criminal/[caseId]/defence-plan-chat             0 B                0 B
Building: Ôö£ ãÆ /api/criminal/[caseId]/dependencies                  0 B                0 B
Building: Ôö£ ãÆ /api/criminal/[caseId]/disclosure                    0 B                0 B
Building: Ôö£ ãÆ /api/criminal/[caseId]/disclosure-chasers            0 B                0 B
Building: Ôö£ ãÆ /api/criminal/[caseId]/disclosure-pressure           0 B                0 B
Building: Ôö£ ãÆ /api/criminal/[caseId]/disclosure-request            0 B                0 B
Building: Ôö£ ãÆ /api/criminal/[caseId]/disclosure-timeline           0 B                0 B
Building: Ôö£ ãÆ /api/criminal/[caseId]/evidence-analysis             0 B                0 B
Building: Ôö£ ãÆ /api/criminal/[caseId]/evidence-change-snapshot      0 B                0 B
Building: Ôö£ ãÆ /api/criminal/[caseId]/evidence-gaps                 0 B                0 B
Building: Ôö£ ãÆ /api/criminal/[caseId]/evidence-graph                0 B                0 B
Building: Ôö£ ãÆ /api/criminal/[caseId]/executive-brief               0 B                0 B
Building: Ôö£ ãÆ /api/criminal/[caseId]/export-review                 0 B                0 B
Building: Ôö£ ãÆ /api/criminal/[caseId]/hearing-prep                  0 B                0 B
Building: Ôö£ ãÆ /api/criminal/[caseId]/hearings                      0 B                0 B
Building: Ôö£ ãÆ /api/criminal/[caseId]/irreversible-decisions        0 B                0 B
Building: Ôö£ ãÆ /api/criminal/[caseId]/kill-shot                     0 B                0 B
Building: Ôö£ ãÆ /api/criminal/[caseId]/letters/draft                 0 B                0 B
Building: Ôö£ ãÆ /api/criminal/[caseId]/loopholes                     0 B                0 B
Building: Ôö£ ãÆ /api/criminal/[caseId]/matter                        0 B                0 B
Building: Ôö£ ãÆ /api/criminal/[caseId]/offence                       0 B                0 B
Building: Ôö£ ãÆ /api/criminal/[caseId]/pace                          0 B                0 B
Building: Ôö£ ãÆ /api/criminal/[caseId]/phase1-detect                 0 B                0 B
Building: Ôö£ ãÆ /api/criminal/[caseId]/phase2-strategy-plan          0 B                0 B
Building: Ôö£ ãÆ /api/criminal/[caseId]/position                      0 B                0 B
Building: Ôö£ ãÆ /api/criminal/[caseId]/probability                   0 B                0 B
Building: Ôö£ ãÆ /api/criminal/[caseId]/process                       0 B                0 B
Building: Ôö£ ãÆ /api/criminal/[caseId]/propose-summary               0 B                0 B
Building: Ôö£ ãÆ /api/criminal/[caseId]/prosecution-weaknesses        0 B                0 B
Building: Ôö£ ãÆ /api/criminal/[caseId]/reasoning-feedback            0 B                0 B
Building: Ôö£ ãÆ /api/criminal/[caseId]/review-confirm                0 B                0 B
Building: Ôö£ ãÆ /api/criminal/[caseId]/sentencing-mitigation         0 B                0 B
Building: Ôö£ ãÆ /api/criminal/[caseId]/strategies                    0 B                0 B
Building: Ôö£ ãÆ /api/criminal/[caseId]/strategy-analysis             0 B                0 B
Building: Ôö£ ãÆ /api/criminal/[caseId]/strategy-ask                  0 B                0 B
Building: Ôö£ ãÆ /api/criminal/[caseId]/strategy-battleboard          0 B                0 B
Building: Ôö£ ãÆ /api/criminal/[caseId]/strategy-commitment           0 B                0 B
Building: Ôö£ ãÆ /api/criminal/[caseId]/strategy-export               0 B                0 B
Building: Ôö£ ãÆ /api/criminal/[caseId]/strategy-notes                0 B                0 B
Building: Ôö£ ãÆ /api/criminal/[caseId]/strategy-suggest              0 B                0 B
Building: Ôö£ ãÆ /api/criminal/[caseId]/strategy-suggest/reject       0 B                0 B
Building: Ôö£ ãÆ /api/criminal/[caseId]/strategy-suggest/status       0 B                0 B
Building: Ôö£ ãÆ /api/criminal/[caseId]/supervisor-signoff            0 B                0 B
Building: Ôö£ ãÆ /api/criminal/[caseId]/trust-feedback                0 B                0 B
Building: Ôö£ ãÆ /api/criminal/[caseId]/verdict-ratings               0 B                0 B
Building: Ôö£ ãÆ /api/criminal/audit-log                              0 B                0 B
Building: Ôö£ ãÆ /api/criminal/law/counts                             0 B                0 B
Building: Ôö£ ãÆ /api/criminal/law/ingest                             0 B                0 B
Building: Ôö£ ãÆ /api/criminal/law/retrieve                           0 B                0 B
Building: Ôö£ ãÆ /api/criminal/matters                                0 B                0 B
Building: Ôö£ ãÆ /api/criminal/supervisor-queue                       0 B                0 B
Building: Ôö£ ãÆ /api/dashboard                                       0 B                0 B
Building: Ôö£ ãÆ /api/deadline                                        0 B                0 B
Building: Ôö£ ãÆ /api/debug/criminal/[caseId]/aggressive-defense      0 B                0 B
Building: Ôö£ ãÆ /api/debug/documents                                 0 B                0 B
Building: Ôö£ ãÆ /api/debug/extraction/[caseId]                       0 B                0 B
Building: Ôö£ Ôùï /api/debug/ping                                      0 B                0 B
Building: Ôö£ ãÆ /api/debug/whoami                                    0 B                0 B
Building: Ôö£ ãÆ /api/demo-login                                      0 B                0 B
Building: Ôö£ ãÆ /api/disclosure/[caseId]                             0 B                0 B
Building: Ôö£ ãÆ /api/documents/[documentId]/versions                 0 B                0 B
Building: Ôö£ ãÆ /api/documents/versions/[versionId]/restore          0 B                0 B
Building: Ôö£ ãÆ /api/draft/[caseId]                                  0 B                0 B
Building: Ôö£ ãÆ /api/email/cases/[caseId]                            0 B                0 B
Building: Ôö£ ãÆ /api/email/send                                      0 B                0 B
Building: Ôö£ ãÆ /api/esignature/cases/[caseId]                       0 B                0 B
Building: Ôö£ ãÆ /api/eval-packs/cases                                0 B                0 B
Building: Ôö£ ãÆ /api/eval-packs/counts                               0 B                0 B
Building: Ôö£ ãÆ /api/eval-packs/import                               0 B                0 B
Building: Ôö£ ãÆ /api/eval-sweeps                                     0 B                0 B
Building: Ôö£ ãÆ /api/eval-sweeps/[runId]                             0 B                0 B
Building: Ôö£ ãÆ /api/extract                                         0 B                0 B
Building: Ôö£ ãÆ /api/family/[caseId]/aggressive-defense              0 B                0 B
Building: Ôö£ ãÆ /api/files/[fileId]/view                             0 B                0 B
Building: Ôö£ ãÆ /api/guidance/[caseId]                               0 B                0 B
Building: Ôö£ ãÆ /api/handover/[caseId]                               0 B                0 B
Building: Ôö£ ãÆ /api/housing/[caseId]/aggressive-defense             0 B                0 B
Building: Ôö£ ãÆ /api/housing/awaabs-monitor/[caseId]                 0 B                0 B
Building: Ôö£ ãÆ /api/housing/compliance/[caseId]                     0 B                0 B
Building: Ôö£ ãÆ /api/housing/deadlines/[caseId]                      0 B                0 B
Building: Ôö£ ãÆ /api/housing/intake                                  0 B                0 B
Building: Ôö£ ãÆ /api/housing/intake-summary/[caseId]                 0 B                0 B
Building: Ôö£ ãÆ /api/housing/letters/preview                         0 B                0 B
Building: Ôö£ ãÆ /api/housing/priority/[caseId]                       0 B                0 B
Building: Ôö£ ãÆ /api/housing/quantum/[caseId]                        0 B                0 B
Building: Ôö£ ãÆ /api/housing/schedule/[caseId]                       0 B                0 B
Building: Ôö£ ãÆ /api/housing/supervision-pack/[caseId]               0 B                0 B
Building: Ôö£ ãÆ /api/housing/timeline/[caseId]                       0 B                0 B
Building: Ôö£ ãÆ /api/inbox/import                                    0 B                0 B
Building: Ôö£ ãÆ /api/intake/attach                                   0 B                0 B
Building: Ôö£ ãÆ /api/intake/create-case                              0 B                0 B
Building: Ôö£ ãÆ /api/intake/documents                                0 B                0 B
Building: Ôö£ ãÆ /api/intake/email                                    0 B                0 B
Building: Ôö£ ãÆ /api/intake/outlook                                  0 B                0 B
Building: Ôö£ ãÆ /api/knowledge/query                                 0 B                0 B
Building: Ôö£ ãÆ /api/letter                                          0 B                0 B
Building: Ôö£ ãÆ /api/me/org                                          0 B                0 B
Building: Ôö£ ãÆ /api/notifications/slack                             0 B                0 B
Building: Ôö£ ãÆ /api/opponent-behavior/[opponentName]                0 B                0 B
Building: Ôö£ ãÆ /api/paywall/status                                  0 B                0 B
Building: Ôö£ ãÆ /api/pi-report                                       0 B                0 B
Building: Ôö£ ãÆ /api/pi/[caseId]/aggressive-defense                  0 B                0 B
Building: Ôö£ ãÆ /api/pi/case-pack/[caseId]                           0 B                0 B
Building: Ôö£ ãÆ /api/pi/cases/[caseId]/disbursements                 0 B                0 B
Building: Ôö£ ãÆ /api/pi/cases/[caseId]/hearings                      0 B                0 B
Building: Ôö£ ãÆ /api/pi/cases/[caseId]/medical-reports               0 B                0 B
Building: Ôö£ ãÆ /api/pi/cases/[caseId]/offers                        0 B                0 B
Building: Ôö£ ãÆ /api/pi/cases/[caseId]/oic-medco                     0 B                0 B
Building: Ôö£ ãÆ /api/pi/cases/[caseId]/preview-letter                0 B                0 B
Building: Ôö£ ãÆ /api/pi/cases/[caseId]/stage                         0 B                0 B
Building: Ôö£ ãÆ /api/pi/dashboard                                    0 B                0 B
Building: Ôö£ ãÆ /api/pi/disbursements/[disbursementId]               0 B                0 B
Building: Ôö£ ãÆ /api/pi/hearings/[hearingId]                         0 B                0 B
Building: Ôö£ ãÆ /api/pi/intake                                       0 B                0 B
Building: Ôö£ ãÆ /api/pi/letter-templates                             0 B                0 B
Building: Ôö£ ãÆ /api/pi/letter-templates/[templateId]                0 B                0 B
Building: Ôö£ ãÆ /api/pi/medical-reports/[reportId]                   0 B                0 B
Building: Ôö£ ãÆ /api/pi/offers/[offerId]                             0 B                0 B
Building: Ôö£ ãÆ /api/playbooks                                       0 B                0 B
Building: Ôö£ ãÆ /api/playbooks/run                                   0 B                0 B
Building: Ôö£ ãÆ /api/portal/session                                  0 B                0 B
Building: Ôö£ ãÆ /api/redact                                          0 B                0 B
Building: Ôö£ ãÆ /api/reports/custom                                  0 B                0 B
Building: Ôö£ ãÆ /api/reports/custom/[reportId]/execute               0 B                0 B
Building: Ôö£ ãÆ /api/risk-flags                                      0 B                0 B
Building: Ôö£ ãÆ /api/risk-flags/[flagId]                             0 B                0 B
Building: Ôö£ ãÆ /api/settings/firm                                   0 B                0 B
Building: Ôö£ ãÆ /api/settings/notifications                          0 B                0 B
Building: Ôö£ ãÆ /api/settlement/[caseId]/calculate                   0 B                0 B
Building: Ôö£ ãÆ /api/settlement/calculate                            0 B                0 B
Building: Ôö£ ãÆ /api/sms/send                                        0 B                0 B
Building: Ôö£ ãÆ /api/strategic/[caseId]/behavior                     0 B                0 B
Building: Ôö£ ãÆ /api/strategic/[caseId]/cpr-compliance               0 B                0 B
Building: Ôö£ ãÆ /api/strategic/[caseId]/leverage                     0 B                0 B
Building: Ôö£ ãÆ /api/strategic/[caseId]/momentum                     0 B                0 B
Building: Ôö£ ãÆ /api/strategic/[caseId]/move-sequence                0 B                0 B
Building: Ôö£ ãÆ /api/strategic/[caseId]/overview                     0 B                0 B
Building: Ôö£ ãÆ /api/strategic/[caseId]/scenarios                    0 B                0 B
Building: Ôö£ ãÆ /api/strategic/[caseId]/strategies                   0 B                0 B
Building: Ôö£ ãÆ /api/strategic/[caseId]/time-pressure                0 B                0 B
Building: Ôö£ ãÆ /api/strategic/[caseId]/vulnerabilities              0 B                0 B
Building: Ôö£ ãÆ /api/strategic/[caseId]/weak-spots                   0 B                0 B
Building: Ôö£ ãÆ /api/stripe/create-checkout-session                  0 B                0 B
Building: Ôö£ ãÆ /api/stripe/create-portal-session                    0 B                0 B
Building: Ôö£ ãÆ /api/stripe/webhook                                  0 B                0 B
Building: Ôö£ ãÆ /api/supervision/[caseId]                            0 B                0 B
Building: Ôö£ ãÆ /api/supervision/generate/[caseId]                   0 B                0 B
Building: Ôö£ ãÆ /api/tasks                                           0 B                0 B
Building: Ôö£ ãÆ /api/tasks/[taskId]                                  0 B                0 B
Building: Ôö£ ãÆ /api/tasks/[taskId]/calendar                         0 B                0 B
Building: Ôö£ ãÆ /api/team/members                                    0 B                0 B
Building: Ôö£ ãÆ /api/time/entries                                    0 B                0 B
Building: Ôö£ ãÆ /api/time/timer/active                               0 B                0 B
Building: Ôö£ ãÆ /api/time/timer/start                                0 B                0 B
Building: Ôö£ ãÆ /api/time/timer/stop                                 0 B                0 B
Building: Ôö£ ãÆ /api/trial-status                                    0 B                0 B
Building: Ôö£ ãÆ /api/trust/accounts                                  0 B                0 B
Building: Ôö£ ãÆ /api/trust/client-money                              0 B                0 B
Building: Ôö£ ãÆ /api/upgrade/placeholder                             0 B                0 B
Building: Ôö£ ãÆ /api/upload                                          0 B                0 B
Building: Ôö£ ãÆ /api/user/me                                         0 B                0 B
Building: Ôö£ ãÆ /api/wip-recovery/summary                            0 B                0 B
Building: Ôö£ ãÆ /audit-log                                           5.73 kB         173 kB
Building: Ôö£ ãÆ /auth/callback                                       0 B                0 B
Building: Ôö£ ãÆ /battleboard-sweep                                   18.9 kB         167 kB
Building: Ôö£ ãÆ /bin                                                 5.35 kB          93 kB
Building: Ôö£ ãÆ /briefing                                            3.86 kB        91.5 kB
Building: Ôö£ ãÆ /builder                                             3.98 kB        97.2 kB
Building: Ôö£ Ôùï /bundle-trap-test                                    5.3 kB         99.8 kB
Building: Ôö£ ãÆ /cases                                               4.36 kB         102 kB
Building: Ôö£ ãÆ /cases/[caseId]                                      194 kB          877 kB
Building: Ôö£ ãÆ /cases/[caseId]/letters/[letterId]                   3.56 kB        91.2 kB
Building: Ôö£ ãÆ /cases/[caseId]/letters/new                          5.9 kB         93.5 kB
Building: Ôö£ ãÆ /cases/new/housing                                   2.42 kB        95.9 kB
Building: Ôö£ ãÆ /cases/new/pi                                        3.33 kB        96.8 kB
Building: Ôö£ ãÆ /compliance                                          252 B          94.7 kB
Building: Ôö£ Ôùï /cookies                                             253 B          94.7 kB
Building: Ôö£ ãÆ /court-today                                         15.3 kB         685 kB
Building: Ôö£ ãÆ /dashboard                                           9.16 kB         174 kB
Building: Ôö£ ãÆ /documents                                           168 B          87.8 kB
Building: Ôö£ ãÆ /documents/[id]                                      1.54 kB          96 kB
Building: Ôö£ Ôùï /dpa                                                 252 B          94.7 kB
Building: Ôö£ ãÆ /eval                                                22.7 kB         176 kB
Building: Ôö£ Ôùï /forgot-password                                     1.78 kB         152 kB
Building: Ôö£ ãÆ /housing-dashboard                                   168 B          87.8 kB
Building: Ôö£ ãÆ /inbox                                               168 B          87.8 kB
Building: Ôö£ ãÆ /intake                                              5.31 kB        92.9 kB
Building: Ôö£ ãÆ /knowledge                                           168 B          87.8 kB
Building: Ôö£ Ôùï /manifest.webmanifest                                0 B                0 B
Building: Ôö£ ãÆ /pi-dashboard                                        253 B          94.7 kB
Building: Ôö£ ãÆ /pi-report                                           253 B          94.7 kB
Building: Ôö£ ãÆ /police-station                                      6.1 kB          101 kB
Building: Ôö£ ãÆ /portal/[token]                                      168 B          87.8 kB
Building: Ôö£ Ôùï /pricing                                             3.24 kB        97.7 kB
Building: Ôö£ Ôùï /privacy                                             253 B          94.7 kB
Building: Ôö£ Ôùï /reset-password                                      1.89 kB         152 kB
Building: Ôö£ ãÆ /risk                                                3.67 kB        96.9 kB
Building: Ôö£ ãÆ /search                                              5.01 kB         170 kB
Building: Ôö£ Ôùï /security                                            252 B          94.7 kB
Building: Ôö£ ãÆ /settings                                            6.83 kB         101 kB
Building: Ôö£ Ôùï /sign-in                                             2.71 kB         221 kB
Building: Ôö£ ãÆ /sign-out                                            0 B                0 B
Building: Ôö£ Ôùï /sign-up                                             2.79 kB         221 kB
Building: Ôö£ Ôùï /sitemap.xml                                         0 B                0 B
Building: Ôö£ ãÆ /supervisor-queue                                    7.02 kB         174 kB
Building: Ôö£ ãÆ /tasks                                               3.53 kB         104 kB
Building: Ôö£ ãÆ /team                                                252 B          94.7 kB
Building: Ôö£ ãÆ /templates                                           1.54 kB          96 kB
Building: Ôö£ ãÆ /templates/pi                                        5.81 kB        93.4 kB
Building: Ôö£ Ôùï /terms                                               251 B          94.7 kB
Building: Ôö£ Ôùï /timeline                                            168 B          87.8 kB
Building: Ôö£ Ôùï /upgrade                                             7.56 kB        95.2 kB
Building: Ôö£ ãÆ /upload                                              12.6 kB         411 kB
Building: Ôö£ ãÆ /user/[[...user-profile]]                            3.23 kB         151 kB
Building: Ôöö ãÆ /wip-recovery                                        5.12 kB        99.6 kB
Building: + First Load JS shared by all                            87.6 kB
Building: Ôö£ chunks/2117-66a1ff0a448077ae.js                      31.8 kB
Building: Ôö£ chunks/fd9d1056-be6d50b4c0fa52cb.js                  53.7 kB
Building: Ôöö other shared chunks (total)                          2.13 kB
Building: ãÆ Middleware                                             107 kB
Building: Ôùï  (Static)   prerendered as static content
Building: ãÆ  (Dynamic)  server-rendered on demand
Building: Traced Next.js server files in: 25.391ms
Building: Created all serverless functions in: 499.664ms
Building: Collected static files (public/, static/, .next/static): 10.623ms
Building: Build Completed in /vercel/output [2m]
Building: Deploying outputs...
Building: Deployment completed
Building: Creating build cache...
[2K[1A[2K[GPreview: https://casebrain-q3lhtyih7-gduffy1993-pngs-projects.vercel.app [2m]
Completing...
To deploy to production (www.casebrain.co.uk +1), run `vercel --prod`

Common next commands:
- `vercel inspect casebrain-q3lhtyih7-gduffy1993-pngs-projects.vercel.app --logs`
- `vercel redeploy casebrain-q3lhtyih7-gduffy1993-pngs-projects.vercel.app`
- `vercel deploy --prod`
https://casebrain-q3lhtyih7-gduffy1993-pngs-projects.vercel.app
