{"productSha":"7b900de22","preview":"https://casebrain-76gk8vbwk-gduffy1993-pngs-projects.vercel.app","outDir":"C:\\Users\\gduff\\casebrain-hub-wt-f167-surgical-truth-v1\\artifacts\\casebrain-qa\\assurance\\court-criminal-sweep-v1\\tip-resweep-7b900de22","concurrency":6,"limit":"ALL_REMAINING","indexOnly":false}
reusing_index C:\Users\gduff\casebrain-hub-wt-f167-surgical-truth-v1\artifacts\casebrain-qa\assurance\court-criminal-sweep-v1\tip-resweep-7b900de22\CRIMINAL-UNIQUE-INDEX.csv
criminal_unique 2600
COURT_SWEEP_OFFLINE_ONLY=1 ÔÇö skipping backend corpus load
progress 25/2600 hitlist=8 rate=0.15/s
progress 50/2600 hitlist=8 rate=0.29/s
progress 75/2600 hitlist=8 rate=0.42/s
progress 100/2600 hitlist=14 rate=0.45/s
progress 125/2600 hitlist=23 rate=0.53/s
progress 150/2600 hitlist=36 rate=0.57/s
progress 175/2600 hitlist=48 rate=0.62/s
progress 200/2600 hitlist=63 rate=0.68/s
progress 225/2600 hitlist=74 rate=0.71/s
progress 250/2600 hitlist=87 rate=0.76/s
progress 275/2600 hitlist=96 rate=0.81/s
progress 300/2600 hitlist=111 rate=0.86/s
progress 325/2600 hitlist=121 rate=0.91/s
progress 350/2600 hitlist=134 rate=0.94/s
progress 375/2600 hitlist=144 rate=0.97/s
progress 400/2600 hitlist=159 rate=1.00/s
progress 425/2600 hitlist=169 rate=1.04/s
progress 450/2600 hitlist=182 rate=1.08/s
progress 475/2600 hitlist=196 rate=1.11/s
progress 500/2600 hitlist=206 rate=1.14/s
progress 525/2600 hitlist=216 rate=1.17/s
progress 550/2600 hitlist=224 rate=1.20/s
progress 575/2600 hitlist=236 rate=1.23/s
progress 600/2600 hitlist=246 rate=1.26/s
progress 625/2600 hitlist=256 rate=1.28/s
progress 650/2600 hitlist=268 rate=1.31/s
progress 675/2600 hitlist=282 rate=1.33/s
progress 700/2600 hitlist=290 rate=1.36/s
progress 725/2600 hitlist=302 rate=1.38/s
progress 750/2600 hitlist=315 rate=1.40/s
progress 775/2600 hitlist=329 rate=1.42/s
progress 800/2600 hitlist=343 rate=1.43/s
progress 825/2600 hitlist=353 rate=1.45/s
progress 850/2600 hitlist=367 rate=1.46/s
progress 875/2600 hitlist=380 rate=1.48/s
progress 900/2600 hitlist=396 rate=1.49/s
progress 925/2600 hitlist=406 rate=1.51/s
progress 950/2600 hitlist=416 rate=1.53/s
progress 975/2600 hitlist=426 rate=1.55/s
progress 1000/2600 hitlist=438 rate=1.56/s
progress 1025/2600 hitlist=449 rate=1.56/s
progress 1050/2600 hitlist=461 rate=1.57/s
progress 1075/2600 hitlist=474 rate=1.59/s
progress 1100/2600 hitlist=488 rate=1.60/s
progress 1125/2600 hitlist=497 rate=1.61/s
progress 1150/2600 hitlist=511 rate=1.63/s
progress 1175/2600 hitlist=523 rate=1.64/s
progress 1200/2600 hitlist=539 rate=1.65/s
progress 1225/2600 hitlist=549 rate=1.66/s
progress 1250/2600 hitlist=561 rate=1.67/s
progress 1275/2600 hitlist=576 rate=1.68/s
progress 1300/2600 hitlist=585 rate=1.69/s
progress 1325/2600 hitlist=601 rate=1.70/s
progress 1350/2600 hitlist=612 rate=1.71/s
progress 1375/2600 hitlist=625 rate=1.72/s
progress 1400/2600 hitlist=638 rate=1.73/s
progress 1425/2600 hitlist=648 rate=1.73/s
progress 1450/2600 hitlist=662 rate=1.73/s
progress 1475/2600 hitlist=670 rate=1.71/s
progress 1500/2600 hitlist=682 rate=1.71/s
progress 1525/2600 hitlist=691 rate=1.71/s
progress 1550/2600 hitlist=706 rate=1.72/s
progress 1575/2600 hitlist=721 rate=1.73/s
progress 1600/2600 hitlist=733 rate=1.75/s
progress 1625/2600 hitlist=745 rate=1.76/s
progress 1650/2600 hitlist=756 rate=1.77/s
progress 1675/2600 hitlist=769 rate=1.77/s
progress 1700/2600 hitlist=781 rate=1.78/s
progress 1725/2600 hitlist=791 rate=1.79/s
progress 1750/2600 hitlist=805 rate=1.80/s
progress 1775/2600 hitlist=817 rate=1.81/s
progress 1800/2600 hitlist=828 rate=1.81/s
progress 1825/2600 hitlist=842 rate=1.82/s
progress 1850/2600 hitlist=853 rate=1.83/s
progress 1875/2600 hitlist=863 rate=1.84/s
progress 1900/2600 hitlist=876 rate=1.85/s
progress 1925/2600 hitlist=888 rate=1.86/s
progress 1950/2600 hitlist=904 rate=1.86/s
progress 1975/2600 hitlist=912 rate=1.87/s
progress 2000/2600 hitlist=926 rate=1.88/s
progress 2025/2600 hitlist=937 rate=1.88/s
progress 2050/2600 hitlist=948 rate=1.89/s
progress 2075/2600 hitlist=961 rate=1.89/s
progress 2100/2600 hitlist=972 rate=1.90/s
progress 2125/2600 hitlist=983 rate=1.91/s
progress 2150/2600 hitlist=995 rate=1.92/s
progress 2175/2600 hitlist=1010 rate=1.92/s
progress 2200/2600 hitlist=1024 rate=1.93/s
progress 2225/2600 hitlist=1036 rate=1.94/s
progress 2250/2600 hitlist=1046 rate=1.94/s
progress 2275/2600 hitlist=1058 rate=1.95/s
progress 2300/2600 hitlist=1072 rate=1.95/s
progress 2325/2600 hitlist=1081 rate=1.96/s
progress 2350/2600 hitlist=1091 rate=1.96/s
progress 2375/2600 hitlist=1102 rate=1.97/s
progress 2600/2600 hitlist=1113 rate=2.09/s
{
  "verdict": "COMPLETE",
  "scored": 2600,
  "totalUnique": 2600,
  "hitlistRows": 1113,
  "topFamilies": [
    [
      "mute:mute_cad_999",
      396
    ],
    [
      "mute:mute_cctv_master",
      320
    ],
    [
      "mute:mute_phone_download",
      287
    ],
    [
      "modality_summary_vs_recording",
      103
    ],
    [
      "invent_phone_download",
      99
    ],
    [
      "modality_screenshot_vs_download",
      63
    ],
    [
      "mute:mute_export_log",
      54
    ],
    [
      "invent_cctv_master",
      8
    ]
  ],
  "pack": "C:\\Users\\gduff\\casebrain-hub-wt-f167-surgical-truth-v1\\artifacts\\casebrain-qa\\assurance\\court-criminal-sweep-v1\\tip-resweep-7b900de22",
  "hitlist": "C:\\Users\\gduff\\casebrain-hub-wt-f167-surgical-truth-v1\\artifacts\\casebrain-qa\\assurance\\court-criminal-sweep-v1\\tip-resweep-7b900de22\\COURT-FAIL-HITLIST.csv"
}
